[==========] Running 2 tests from 1 test suite.
[----------] Global test environment set-up.
[----------] 2 tests from TestSharedTileIterator
[ RUN      ] TestSharedTileIterator.row_major
I20250527 11:57:05.502932 139640779587584 test_stile_iterator.cu:59]
SharedTile {
  RowMajor<4, 24>, Strides<24, 1>, Numel = 96
  Swizzled = non-swizzled
}
I20250527 11:57:05.503237 139640779587584 test_stile_iterator.cu:60]
SharedTileIterator2 {
  ChunkShape = (4, 8), stripe count = (1, 3)
}
I20250527 11:57:05.503242 139640779587584 test_stile_iterator.cu:66]
SubTileLayout:
	RowMajor<4, 8>, Strides<24, 1>, Numel = 32

shared tile:
0, 1, 2, 3, 4, 5, 6, 7, 8, 9, 10, 11, 12, 13, 14, 15, 16, 17, 18, 19, 20, 21, 22, 23,
24, 25, 26, 27, 28, 29, 30, 31, 32, 33, 34, 35, 36, 37, 38, 39, 40, 41, 42, 43, 44, 45, 46, 47,
48, 49, 50, 51, 52, 53, 54, 55, 56, 57, 58, 59, 60, 61, 62, 63, 64, 65, 66, 67, 68, 69, 70, 71,
72, 73, 74, 75, 76, 77, 78, 79, 80, 81, 82, 83, 84, 85, 86, 87, 88, 89, 90, 91, 92, 93, 94, 95,

sub-tile 0:
offset-(0, 0) = 0
0, 1, 2, 3, 4, 5, 6, 7,
24, 25, 26, 27, 28, 29, 30, 31,
48, 49, 50, 51, 52, 53, 54, 55,
72, 73, 74, 75, 76, 77, 78, 79,

sub-tile 1:
offset-(0, 1) = 8
8, 9, 10, 11, 12, 13, 14, 15,
32, 33, 34, 35, 36, 37, 38, 39,
56, 57, 58, 59, 60, 61, 62, 63,
80, 81, 82, 83, 84, 85, 86, 87,

sub-tile 2:
offset-(0, 2) = 16
16, 17, 18, 19, 20, 21, 22, 23,
40, 41, 42, 43, 44, 45, 46, 47,
64, 65, 66, 67, 68, 69, 70, 71,
88, 89, 90, 91, 92, 93, 94, 95,
[       OK ] TestSharedTileIterator.row_major (929 ms)
[ RUN      ] TestSharedTileIterator.col_major
I20250527 11:57:06.432640 139640779587584 test_stile_iterator.cu:89]
SharedTile {
  ColMajor<24, 4>, Strides<1, 24>, Numel = 96
  Swizzled = non-swizzled
}
I20250527 11:57:06.432660 139640779587584 test_stile_iterator.cu:90]
SharedTileIterator2 {
  ChunkShape = (8, 4), stripe count = (3, 1)
}
I20250527 11:57:06.432662 139640779587584 test_stile_iterator.cu:96]
SubTileLayout:
	ColMajor<8, 4>, Strides<1, 24>, Numel = 32

shared tile:
0, 24, 48, 72,
1, 25, 49, 73,
2, 26, 50, 74,
3, 27, 51, 75,
4, 28, 52, 76,
5, 29, 53, 77,
6, 30, 54, 78,
7, 31, 55, 79,
8, 32, 56, 80,
9, 33, 57, 81,
10, 34, 58, 82,
11, 35, 59, 83,
12, 36, 60, 84,
13, 37, 61, 85,
14, 38, 62, 86,
15, 39, 63, 87,

16, 40, 64, 88,
17, 41, 65, 89,
18, 42, 66, 90,
19, 43, 67, 91,
20, 44, 68, 92,
21, 45, 69, 93,
22, 46, 70, 94,
23, 47, 71, 95,

sub-tile 0:
offset-(0, 0) = 0
0, 24, 48, 72,
1, 25, 49, 73,
2, 26, 50, 74,
3, 27, 51, 75,
4, 28, 52, 76,
5, 29, 53, 77,
6, 30, 54, 78,
7, 31, 55, 79,

sub-tile 1:
offset-(1, 0) = 8
8, 32, 56, 80,
9, 33, 57, 81,
10, 34, 58, 82,
11, 35, 59, 83,
12, 36, 60, 84,
13, 37, 61, 85,
14, 38, 62, 86,
15, 39, 63, 87,

sub-tile 2:
offset-(2, 0) = 16
16, 40, 64, 88,
17, 41, 65, 89,
18, 42, 66, 90,
19, 43, 67, 91,
20, 44, 68, 92,
21, 45, 69, 93,
22, 46, 70, 94,
23, 47, 71, 95,
[       OK ] TestSharedTileIterator.col_major (13 ms)
[----------] 2 tests from TestSharedTileIterator (943 ms total)

[----------] Global test environment tear-down
[==========] 2 tests from 1 test suite ran. (943 ms total)
[  PASSED  ] 2 tests.
